#-----------------------------------------------------------
# Vivado v2020.1 (64-bit)
# SW Build 2902540 on Wed May 27 19:54:49 MDT 2020
# IP Build 2902112 on Wed May 27 22:43:36 MDT 2020
# Start of session at: Sun Dec  4 22:44:58 2022
# Process ID: 20352
# Current directory: C:/Facultate/An_3/An_3_Sem_1/Structure_of_Computer_Systems/Project/Hazard_Detection_Unit/vivado_project
# Command line: vivado.exe -gui_launcher_event rodinguilauncherevent23240 C:\Facultate\An_3\An_3_Sem_1\Structure_of_Computer_Systems\Project\Hazard_Detection_Unit\vivado_project\mips16_pipeline_w_hazard_detection.xpr
# Log file: C:/Facultate/An_3/An_3_Sem_1/Structure_of_Computer_Systems/Project/Hazard_Detection_Unit/vivado_project/vivado.log
# Journal file: C:/Facultate/An_3/An_3_Sem_1/Structure_of_Computer_Systems/Project/Hazard_Detection_Unit/vivado_project\vivado.jou
#-----------------------------------------------------------
start_gui
open_project C:/Facultate/An_3/An_3_Sem_1/Structure_of_Computer_Systems/Project/Hazard_Detection_Unit/vivado_project/mips16_pipeline_w_hazard_detection.xpr
update_compile_order -fileset sources_1
close [ open C:/Facultate/An_3/An_3_Sem_1/Structure_of_Computer_Systems/Project/Hazard_Detection_Unit/vivado_project/mips16_pipeline_w_hazard_detection.srcs/sources_1/new/EX_fwd_unit.vhd w ]
add_files C:/Facultate/An_3/An_3_Sem_1/Structure_of_Computer_Systems/Project/Hazard_Detection_Unit/vivado_project/mips16_pipeline_w_hazard_detection.srcs/sources_1/new/EX_fwd_unit.vhd
update_compile_order -fileset sources_1
update_compile_order -fileset sources_1
close [ open C:/Facultate/An_3/An_3_Sem_1/Structure_of_Computer_Systems/Project/Hazard_Detection_Unit/vivado_project/mips16_pipeline_w_hazard_detection.srcs/sources_1/new/ex_unit_fwd_tb.vhd w ]
add_files C:/Facultate/An_3/An_3_Sem_1/Structure_of_Computer_Systems/Project/Hazard_Detection_Unit/vivado_project/mips16_pipeline_w_hazard_detection.srcs/sources_1/new/ex_unit_fwd_tb.vhd
update_compile_order -fileset sources_1
close [ open C:/Facultate/An_3/An_3_Sem_1/Structure_of_Computer_Systems/Project/Hazard_Detection_Unit/vivado_project/mips16_pipeline_w_hazard_detection.srcs/sources_1/new/ex_fwd_tb.vhd w ]
add_files C:/Facultate/An_3/An_3_Sem_1/Structure_of_Computer_Systems/Project/Hazard_Detection_Unit/vivado_project/mips16_pipeline_w_hazard_detection.srcs/sources_1/new/ex_fwd_tb.vhd
update_compile_order -fileset sources_1
set_property top ex_fwd_tb [get_filesets sim_1]
set_property top_lib xil_defaultlib [get_filesets sim_1]
launch_simulation
open_wave_config C:/Facultate/An_3/An_3_Sem_1/Structure_of_Computer_Systems/Project/Hazard_Detection_Unit/vivado_project/mips16_tb_behav.wcfg
source ex_fwd_tb.tcl
current_wave_config {mips16_tb_behav.wcfg}
add_wave {{/ex_fwd_tb/EX_MEM_RegWrite}} {{/ex_fwd_tb/MEM_WB_RegWrite}} {{/ex_fwd_tb/EX_MEM_RegDst}} {{/ex_fwd_tb/MEM_WB_RegDst}} {{/ex_fwd_tb/ID_EX_Rs}} {{/ex_fwd_tb/ID_EX_Rt}} {{/ex_fwd_tb/ForwardA}} {{/ex_fwd_tb/ForwardB}} 
restart
run 800 ns
save_wave_config {C:/Facultate/An_3/An_3_Sem_1/Structure_of_Computer_Systems/Project/Hazard_Detection_Unit/vivado_project/mips16_tb_behav.wcfg}
close_sim
launch_simulation
open_wave_config C:/Facultate/An_3/An_3_Sem_1/Structure_of_Computer_Systems/Project/Hazard_Detection_Unit/vivado_project/mips16_tb_behav.wcfg
source ex_fwd_tb.tcl
close_sim
launch_simulation
open_wave_config C:/Facultate/An_3/An_3_Sem_1/Structure_of_Computer_Systems/Project/Hazard_Detection_Unit/vivado_project/mips16_tb_behav.wcfg
source ex_fwd_tb.tcl
close_sim
launch_simulation
open_wave_config C:/Facultate/An_3/An_3_Sem_1/Structure_of_Computer_Systems/Project/Hazard_Detection_Unit/vivado_project/mips16_tb_behav.wcfg
source ex_fwd_tb.tcl
close_sim
launch_simulation
open_wave_config C:/Facultate/An_3/An_3_Sem_1/Structure_of_Computer_Systems/Project/Hazard_Detection_Unit/vivado_project/mips16_tb_behav.wcfg
source ex_fwd_tb.tcl
save_wave_config {C:/Facultate/An_3/An_3_Sem_1/Structure_of_Computer_Systems/Project/Hazard_Detection_Unit/vivado_project/mips16_tb_behav.wcfg}
close_sim
